// Jest Snapshot v1, https://goo.gl/fbAQLP

exports[`[Button] 컴포넌트 테스트 Button 컴포넌트가 정상적으로 렌더링 되어야 한다. 1`] = `
<button
  styles={
    Object {
      "map": undefined,
      "name": "1au6vmc",
      "next": undefined,
      "styles": "
  width: 100%;
  height: 30px;
",
      "toString": [Function],
    }
  }
>
  Test Button!
</button>
`;
